<html>
<body>
<pre>
<h1>礦ision Build Log</h1>
<h2>Project:</h2>
C:\Users\13763\Desktop\自学\EmbeddedStudy2\module\两个蓝牙通讯\Project\RVMDK（uv5）\fly.uvprojx
Project File Date:  06/06/2025

<h2>Output:</h2>
Build target 'Fly'
compiling bsp_hc05.c...
linking...
Program Size: Code=3432 RO-data=268 RW-data=28 ZI-data=2676  
FromELF: creating hex file...
".\fly.axf" - 0 Error(s), 0 Warning(s).
Load "C:\\Users\\13763\\Desktop\\自学\\EmbeddedStudy2\\module\\两个蓝牙通讯\\Project\\RVMDK（uv5）\\fly.axf" 
Erase Done.
Programming Done.
Verify OK.
Application running ...
Load "C:\\Users\\13763\\Desktop\\自学\\EmbeddedStudy2\\module\\两个蓝牙通讯\\Project\\RVMDK（uv5）\\fly.axf" 
Error: Flash Download failed  -  Target DLL has been cancelled
Load "C:\\Users\\13763\\Desktop\\自学\\EmbeddedStudy2\\module\\两个蓝牙通讯\\Project\\RVMDK（uv5）\\fly.axf" 
Erase Done.
Programming Done.
Verify OK.
Application running ...
Load "C:\\Users\\13763\\Desktop\\自学\\EmbeddedStudy2\\module\\两个蓝牙通讯\\Project\\RVMDK（uv5）\\fly.axf" 
Erase Done.
Programming Done.
Verify OK.
Application running ...
Load "C:\\Users\\13763\\Desktop\\自学\\EmbeddedStudy2\\module\\两个蓝牙通讯\\Project\\RVMDK（uv5）\\fly.axf" 
Erase Done.
Programming Done.
Verify OK.
Application running ...
Load "C:\\Users\\13763\\Desktop\\自学\\EmbeddedStudy2\\module\\两个蓝牙通讯\\Project\\RVMDK（uv5）\\fly.axf" 
Erase Done.
Programming Done.
Verify OK.
Application running ...
             clean_rebuff();
..\..\User\hc05\bsp_hc05.c: 7 warnings, 0 errors
compiling delay.c...
..\..\User\delay.h(10): warning:  #1-D: last line of file ends without a newline
  #endif
..\..\User\delay.c(9): warning:  #1-D: last line of file ends without a newline
  }
..\..\User\delay.c: 2 warnings, 0 errors
".\fly.axf" - 1 Error(s), 9 Warning(s).
Target not created
c05.c(58): warning:  #223-D: function "clean_rebuff" declared implicitly
                clean_rebuff();
..\..\User\hc05\bsp_hc05.c: 8 warnings, 2 errors
compiling delay.c...
..\..\User\delay.c(9): warning:  #1-D: last line of file ends without a newline
  }
..\..\User\delay.c: 1 warning, 0 errors
".\fly.axf" - 3 Error(s), 9 Warning(s).
Target not created
