<html>
<body>
<pre>
<h1>礦ision Build Log</h1>
<h2>Project:</h2>
C:\Users\13763\Desktop\自学\EmbeddedStudy\module\两个蓝牙通讯\Project\RVMDK（uv5）\fly.uvprojx
Project File Date:  11/23/2024

<h2>Output:</h2>
Build target 'Fly'
compiling main.c...
linking...
Program Size: Code=5072 RO-data=280 RW-data=36 ZI-data=1900  
FromELF: creating hex file...
".\fly.axf" - 0 Error(s), 0 Warning(s).
Load "C:\\Users\\13763\\Desktop\\自学\\EmbeddedStudy\\module\\两个蓝牙通讯\\Project\\RVMDK（uv5）\\fly.axf" 
Erase Done.
Programming Done.
Verify OK.
Application running ...
</pre>
</body>
</html>
Study\\module\\两个蓝牙通讯\\Project\\RVMDK（uv5）\\fly.axf" 
Erase Done.
Programming Done.
Verify OK.
Application running ...
Load "C:\\Users\\13763\\Desktop\\自学\\EmbeddedStudy\\module\\两个蓝牙通讯\\Project\\RVMDK（uv5）\\fly.axf" 
Error: Flash Download failed  -  Target DLL has been cancelled
Load "C:\\Users\\13763\\Desktop\\自学\\EmbeddedStudy\\module\\两个蓝牙通讯\\Project\\RVMDK（uv5）\\fly.axf" 
Error: Flash Download failed  -  Target DLL has been cancelled
Load "C:\\Users\\13763\\Desktop\\自学\\EmbeddedStudy\\module\\两个蓝牙通讯\\Project\\RVMDK（uv5）\\fly.axf" 
Erase Done.
Programming Done.
Verify OK.
Application running ...
compiling bsp_usart_blt.c...
linking...
Program Size: Code=5060 RO-data=280 RW-data=36 ZI-data=1900  
".\fly.axf" - 0 Error(s), 1 Warning(s).
