<html>
<body>
<pre>
<h1>µVision Build Log</h1>
<h2>Project:</h2>
C:\Users\13763\Desktop\study\EmbeddedStudy2\module\mpu6050\Project\RVMDK£¨uv5£©\fly.uvprojx
Project File Date:  07/20/2025

<h2>Output:</h2>
Build target 'Fly'
compiling main.c...
linking...
Program Size: Code=7268 RO-data=352 RW-data=84 ZI-data=1884  
".\fly.axf" - 0 Error(s), 0 Warning(s).
Load "C:\\Users\\13763\\Desktop\\study\\EmbeddedStudy2\\module\\mpu6050\\Project\\RVMDK£¨uv5£©\\fly.axf" 
Erase Done.
Programming Done.
Verify OK.
Load "C:\\Users\\13763\\Desktop\\study\\EmbeddedStudy2\\module\\mpu6050\\Project\\RVMDK£¨uv5£©\\fly.axf" 
Erase Done.
Programming Done.
Verify OK.
</pre>
</body>
</html>
x_i2c.c...
compiling stm32f10x_iwdg.c...
compiling stm32f10x_pwr.c...
compiling stm32f10x_rcc.c...
compiling stm32f10x_rtc.c...
compiling stm32f10x_sdio.c...
compiling stm32f10x_spi.c...
compiling stm32f10x_tim.c...
compiling stm32f10x_usart.c...
compiling stm32f10x_wwdg.c...
compiling main.c...
compiling stm32f10x_it.c...
compiling delay.c...
compiling bsp_debug_usart.c...
compiling mpu6050.c...
compiling bsp_hard_i2c.c...
linking...
Program Size: Code=7268 RO-data=352 RW-data=84 ZI-data=1884  
".\fly.axf" - 0 Error(s), 0 Warning(s).
Load "C:\\Users\\13763\\Desktop\\study\\EmbeddedStudy2\\module\\mpu6050\\Project\\RVMDK£¨uv5£©\\fly.axf" 
Erase Done.
Programming Done.
Verify OK.
.\User\stm32f10x_it.c(152): error:  #20: identifier "i" is undefined
        for (int i = 0; i < NUM_TIMERS; i++) {
..\..\User\stm32f10x_it.c: 0 warnings, 2 errors
compiling mpu6050.c...
compiling bsp_hard_i2c.c...
".\fly.axf" - 6 Error(s), 4 Warning(s).
Target not created

                        printf("ÎÂ¶È£º %8.2f¡ãC",Temp);
..\..\User\main.c: 1 warning, 4 errors
compiling stm32f10x_it.c...
compiling delay.c...
compiling bsp_debug_usart.c...
".\fly.axf" - 4 Error(s), 1 Warning(s).
Target not created
